// Jest Snapshot v1, https://goo.gl/fbAQLP

exports[`Contact Component should match snapshot 1`] = `
<Fragment>
  <Header />
  <section
    className="container"
    id="card-container"
  >
    <h2>
      Our New Job cards
    </h2>
    <ul
      class="card-listings"
    >
      <loader />
    </ul>
    <a
      className="scroll-to-top"
      href="#card-container"
    >
      â‡§
    </a>
  </section>
</Fragment>
`;
